[iforgot.apple.com/password/verify/appleid.html]
[backblue.gif]
[fade.gif]
[index.html]
[iforgot.apple.com/cssj/N284380771/app.css]
[iforgot.apple.com/jsj/856294195/common-header.js]
[www.apple.com/ac/globalnav/2.0/en_US/styles/ac-globalnav.built.css]
[www.apple.com/ac/globalnav/2.0/en_US/scripts/ac-globalnav.built.js]
[www.apple.com/ac/globalfooter/2.0/en_US/styles/ac-globalfooter.built.css]
[www.apple.com/ac/globalfooter/2.0/en_US/scripts/ac-globalfooter.built.js]
[iforgot.apple.com/jsj/N2065767417/app.js]
[iforgot.apple.com/bin/cb983233127/dist/assets/images/captcha-audio-paused.png]
[iforgot.apple.com/bin/cb1764815236/dist/assets/images/captcha-audio.jpg]
[iforgot.apple.com/jsj/N421889716/webGlobal.js]
[iforgot.apple.com/password/verify/appleid.html]
[iforgot.apple.com/password/verify/appleidcfe7.html]
[iforgot.apple.com/bin/dist/ac-sasskit/build/ac-assets/ac-colornav/productred.c.delayed]
[iforgot.apple.com/bin/dist/ac-sasskit/build/ac-assets/ac-forms/fallbacks/icons_forms_sprite.d.delayed]
[iforgot.apple.com/bin/cb2442680439/dist/assets/idms/images/alert_icon.png]
[iforgot.apple.com/bin/cb3380168209/dist/assets/idms/images/idms_toolbar.jpg]
[iforgot.apple.com/bin/cb3240912829/dist/assets/images/warning.png]
[iforgot.apple.com/bin/cb3380168209/dist/assets/images/hero-splash-mobile.jpg]
[iforgot.apple.com/bin/cb401238999/dist/assets/images/hero-splash.jpg]
[iforgot.apple.com/bin/cb557578914/dist/assets/images/cvv_visa_mc.png]
[iforgot.apple.com/cssj/N284380771/app.css]
[iforgot.apple.com/bin/cb2499579377/dist/assets/images/cvv_amex.png]
[images.apple.com/ac/globalnav/2.0/en_US/images/globalnav/apple/image_large.png]
[images.apple.com/ac/globalnav/2.0/en_US/images/globalnav/apple/image_small.png]
[images.apple.com/ac/globalnav/2.0/en_US/images/globalnav/links/mac/image_large.png]
[images.apple.com/ac/globalnav/2.0/en_US/images/globalnav/links/mac/image_small.png]
[images.apple.com/ac/globalnav/2.0/en_US/images/globalnav/links/ipad/image_large.png]
[images.apple.com/ac/globalnav/2.0/en_US/images/globalnav/links/ipad/image_small.png]
[images.apple.com/ac/globalnav/2.0/en_US/images/globalnav/links/iphone/image_large.png]
[images.apple.com/ac/globalnav/2.0/en_US/images/globalnav/links/iphone/image_small.png]
[images.apple.com/ac/globalnav/2.0/en_US/images/globalnav/links/watch/image_large.png]
[images.apple.com/ac/globalnav/2.0/en_US/images/globalnav/links/watch/image_small.png]
[images.apple.com/ac/globalnav/2.0/en_US/images/globalnav/links/tv/image_large.png]
[images.apple.com/ac/globalnav/2.0/en_US/images/globalnav/links/tv/image_small.png]
[images.apple.com/ac/globalnav/2.0/en_US/images/globalnav/links/music/image_large.png]
[images.apple.com/ac/globalnav/2.0/en_US/images/globalnav/links/music/image_small.png]
[images.apple.com/ac/globalnav/2.0/en_US/images/globalnav/links/support/image_large.png]
[images.apple.com/ac/globalnav/2.0/en_US/images/globalnav/links/support/image_small.png]
[images.apple.com/ac/globalnav/2.0/en_US/images/globalnav/search/image_large.png]
[images.apple.com/ac/globalnav/2.0/en_US/images/globalnav/search/image_small.png]
[images.apple.com/ac/globalnav/2.0/en_US/images/globalnav/bag/image_large.png]
[images.apple.com/ac/globalnav/2.0/en_US/images/globalnav/bag/image_small.png]
[images.apple.com/ac/globalnav/2.0/en_US/assets/ac-store/spinner.gif]
[images.apple.com/ac/globalnav/2.0/en_US/assets/ac-store/bag.png]
[images.apple.com/ac/globalnav/2.0/en_US/assets/ac-store/favorites.png]
[images.apple.com/ac/globalnav/2.0/en_US/assets/ac-store/orders.png]
[images.apple.com/ac/globalnav/2.0/en_US/assets/ac-store/account.png]
[images.apple.com/ac/globalnav/2.0/en_US/assets/ac-store/signIn.png]
[images.apple.com/ac/globalnav/2.0/en_US/images/globalnav/search/close_large.png]
[images.apple.com/ac/globalnav/2.0/en_US/images/globalnav/search/close_small.png]
[images.apple.com/ac/globalnav/2.0/en_US/images/globalnav/search/icon_reset_small.png]
[images.apple.com/ac/globalnav/2.0/en_US/images/globalnav/search/icon_suggested_large.png]
[images.apple.com/ac/globalnav/2.0/en_US/images/globalnav/search/icon_suggested_small.png]
[www.apple.com/ac/globalnav/2.0/en_US/styles/ac-globalnav.built.css]
[iforgot.apple.com/password/verify/cookie.35.delayed]
[iforgot.apple.com/password/verify/GET.36.delayed]
[images.apple.com/ac/globalnav/2.0/en_US/scripts/mustache.js]
[www.apple.com/ac/globalnav/2.0/en_US/scripts/ac-globalnav.built.js]
[images.apple.com/ac/globalfooter/2.0/en_US/assets/ac-footer/buystrip/asa/icon_large.png]
[images.apple.com/ac/globalfooter/2.0/en_US/assets/ac-footer/buystrip/asa/icon_dark_large.png]
[images.apple.com/ac/globalfooter/2.0/en_US/assets/ac-footer/buystrip/bag/icon_large.png]
[images.apple.com/ac/globalfooter/2.0/en_US/assets/ac-footer/buystrip/bag/icon_dark_large.png]
[images.apple.com/ac/globalfooter/2.0/en_US/assets/ac-footer/buystrip/call/icon_large.png]
[images.apple.com/ac/globalfooter/2.0/en_US/assets/ac-footer/buystrip/call/icon_dark_large.png]
[images.apple.com/ac/globalfooter/2.0/en_US/assets/ac-footer/buystrip/financing/icon_large.png]
[images.apple.com/ac/globalfooter/2.0/en_US/assets/ac-footer/buystrip/financing/icon_dark_large.png]
[images.apple.com/ac/globalfooter/2.0/en_US/assets/ac-footer/buystrip/help/icon_large.png]
[images.apple.com/ac/globalfooter/2.0/en_US/assets/ac-footer/buystrip/help/icon_dark_large.png]
[images.apple.com/ac/globalfooter/2.0/en_US/assets/ac-footer/buystrip/retail/icon_large.png]
[images.apple.com/ac/globalfooter/2.0/en_US/assets/ac-footer/buystrip/retail/icon_dark_large.png]
[images.apple.com/ac/globalfooter/2.0/en_US/assets/ac-footer/buystrip/shipping/icon_large.png]
[images.apple.com/ac/globalfooter/2.0/en_US/assets/ac-footer/buystrip/shipping/icon_dark_large.png]
[images.apple.com/ac/flags/1/images/us/16.png]
[images.apple.com/ac/flags/1/images/us/32.png]
[www.apple.com/ac/globalfooter/2.0/en_US/styles/ac-globalfooter.built.css]
[www.apple.com/ac/globalfooter/2.0/en_US/scripts/ac-globalfooter.built.js]
[iforgot.apple.com/password/verify/appleidcfe7.html]
[iforgot.apple.com/bin/dist/ac-sasskit/build/ac-assets/ac-colornav/productred.png]
[iforgot.apple.com/bin/dist/ac-sasskit/build/ac-assets/ac-forms/fallbacks/icons_forms_sprite.png]
[www.apple.com/ac/globalnav/2.0/en_US/assets/ac-store/view.html]
[images.apple.com/ac/globalnav/2.0/en_US/scripts/mustache.html]
